{
'vscode:build/lib/i18n.ts':[
287,
311,
527,
],
'vscode:build/lib/optimize.ts':[
238,
],
'vscode:extensions/typescript/src/utils/electronForkStart.ts':[
69,
],
'vscode:src/vs/base/browser/touch.ts':[
213,
213,
],
'vscode:src/vs/base/browser/ui/progressbar/progressbar.ts':[
17,
18,
19,
20,
21,
22,
],
'vscode:src/vs/base/common/diff/diff.ts':[
122,
123,
124,
125,
126,
226,
227,
228,
229,
],
'vscode:src/vs/base/common/diff/diff2.ts':[
56,
57,
],
'vscode:src/vs/base/common/paths.ts':[
132,
133,
],
'vscode:src/vs/base/node/encoding.ts':[
14,
],
'vscode:src/vs/editor/browser/services/codeEditorServiceImpl.ts':[
347,
],
'vscode:src/vs/editor/browser/viewParts/minimap/minimap.ts':[
754,
758,
],
'vscode:src/vs/editor/common/standalone/themes.ts':[
84,
155,
],
'vscode:src/vs/workbench/api/node/extHost.api.impl.ts':[
608,
],
'vscode:src/vs/workbench/parts/debug/electron-browser/terminalSupport.ts':[
60,
],
'vscode:src/vs/workbench/parts/emmet/electron-browser/editorAccessor.ts':[
90,
],
'vscode:src/vs/workbench/parts/search/browser/openAnythingHandler.ts':[
28,
],
'vscode:src/vs/workbench/test/browser/editorStacksModel.test.ts':[
944,
945,
946,
968,
969,
970,
971,
1253,
1254,
1255,
1263,
1264,
1265,
1944,
1945,
1946,
1947,
1948,
1955,
1958,
1959,
],
}
