{
'angular:aio/src/app/app.component.ts':[
60,
92,
93,
94,
95,
96,
97,
98,
],
'angular:aio/src/app/documents/document.service.ts':[
38,
43,
44,
],
'angular:aio/src/app/embedded/api/api-list.component.ts':[
40,
71,
72,
],
'angular:aio/src/app/embedded/api/api.service.ts':[
33,
34,
36,
37,
38,
57,
57,
],
'angular:aio/src/app/embedded/code/code-example.component.ts':[
38,
],
'angular:aio/src/app/embedded/code/code-tabs.component.ts':[
39,
],
'angular:aio/src/app/embedded/code/code.component.ts':[
87,
88,
89,
90,
],
'angular:aio/src/app/embedded/code/pretty-printer.service.ts':[
20,
22,
],
'angular:aio/src/app/embedded/contributor/contributor-list.component.ts':[
25,
],
'angular:aio/src/app/embedded/contributor/contributor.service.ts':[
19,
19,
],
'angular:aio/src/app/embedded/live-example/live-example.component.ts':[
90,
],
'angular:aio/src/app/embedded/resource/resource-list.component.ts':[
19,
],
'angular:aio/src/app/embedded/resource/resource.service.ts':[
18,
18,
],
'angular:aio/src/app/embedded/toc/toc.component.ts':[
20,
21,
25,
27,
],
'angular:aio/src/app/layout/doc-viewer/doc-viewer.component.ts':[
30,
40,
41,
42,
],
'angular:aio/src/app/navigation/navigation.service.ts':[
40,
40,
40,
],
'angular:aio/src/app/search/search-box/search-box.component.ts':[
28,
],
'angular:aio/src/app/search/search-results/search-results.component.ts':[
37,
],
'angular:aio/src/app/search/search.service.ts':[
32,
35,
],
'angular:aio/src/app/shared/ga.service.ts':[
20,
],
'angular:aio/src/app/shared/location.service.ts':[
14,
23,
24,
25,
],
'angular:aio/src/app/shared/scroll.service.ts':[
16,
17,
],
'angular:aio/src/app/shared/toc.service.ts':[
17,
17,
],
'angular:aio/src/app/shared/web-worker.ts':[
19,
19,
],
'angular:aio/src/app/sw-updates/sw-update-notifications.service.ts':[
28,
32,
33,
34,
],
'angular:aio/src/app/sw-updates/sw-updates.service.ts':[
35,
36,
37,
38,
41,
],
'angular:aio/src/testing/location.service.ts':[
16,
],
'angular:modules/playground/src/order_management/index.ts':[
32,
177,
],
'angular:modules/playground/src/person_management/index.ts':[
106,
153,
],
'angular:modules/playground/src/routing/app/inbox-app.ts':[
115,
],
'angular:modules/playground/src/routing/app/inbox-detail.ts':[
16,
17,
],
'angular:modules/playground/src/web_workers/images/index_common.ts':[
19,
],
'angular:modules/playground/src/web_workers/message_broker/index_common.ts':[
16,
],
'angular:packages/animations/browser/src/dsl/animation.ts':[
20,
],
'angular:packages/animations/browser/src/dsl/animation_timeline_visitor.ts':[
317,
322,
],
'angular:packages/animations/browser/src/dsl/animation_transition_factory.ts':[
15,
18,
19,
20,
],
'angular:packages/animations/browser/src/dsl/animation_trigger.ts':[
35,
],
'angular:packages/animations/browser/src/render/dom_animation_engine.ts':[
37,
38,
39,
40,
41,
43,
46,
50,
50,
],
'angular:packages/animations/browser/src/render/noop_animation_engine.ts':[
31,
33,
],
'angular:packages/animations/browser/src/render/web_animations/web_animations_player.ts':[
16,
17,
],
'angular:packages/animations/browser/test/engine/dom_animation_engine_spec.ts':[
670,
684,
],
'angular:packages/animations/src/players/animation_group_player.ts':[
22,
],
'angular:packages/benchpress/src/firefox_extension/lib/main.ts':[
14,
],
'angular:packages/benchpress/src/metric/multi_metric.ts':[
29,
],
'angular:packages/benchpress/src/metric/perflog_metric.ts':[
31,
39,
40,
41,
42,
44,
45,
],
'angular:packages/benchpress/src/metric/user_metric.ts':[
20,
21,
],
'angular:packages/benchpress/src/reporter/console_reporter.ts':[
42,
45,
47,
],
'angular:packages/benchpress/src/reporter/json_file_reporter.ts':[
28,
28,
29,
30,
],
'angular:packages/benchpress/src/reporter/multi_reporter.ts':[
30,
],
'angular:packages/benchpress/src/runner.ts':[
37,
],
'angular:packages/benchpress/src/sampler.ts':[
32,
32,
32,
33,
33,
34,
35,
],
'angular:packages/benchpress/src/validator/regression_slope_validator.ts':[
29,
30,
],
'angular:packages/benchpress/src/validator/size_validator.ts':[
22,
],
'angular:packages/benchpress/src/webdriver/chrome_driver_extension.ts':[
26,
29,
],
'angular:packages/benchpress/src/webdriver/firefox_driver_extension.ts':[
20,
],
'angular:packages/benchpress/src/webdriver/ios_driver_extension.ts':[
18,
],
'angular:packages/benchpress/src/webdriver/selenium_webdriver_adapter.ts':[
20,
53,
],
'angular:packages/benchpress/test/metric/perflog_metric_spec.ts':[
667,
667,
668,
],
'angular:packages/benchpress/test/reporter/multi_reporter_spec.ts':[
57,
],
'angular:packages/benchpress/test/sampler_spec.ts':[
226,
226,
238,
238,
247,
247,
260,
],
'angular:packages/benchpress/test/trace_event_factory.ts':[
12,
12,
],
'angular:packages/benchpress/test/webdriver/chrome_driver_extension_spec.ts':[
401,
401,
401,
],
'angular:packages/benchpress/test/webdriver/ios_driver_extension_spec.ts':[
175,
175,
],
'angular:packages/common/src/directives/ng_class.ts':[
47,
47,
48,
48,
],
'angular:packages/common/src/directives/ng_component_outlet.ts':[
76,
],
'angular:packages/common/src/directives/ng_for_of.ts':[
121,
122,
],
'angular:packages/common/src/directives/ng_if.ts':[
110,
],
'angular:packages/common/src/directives/ng_plural.ts':[
53,
],
'angular:packages/common/src/directives/ng_style.ts':[
39,
39,
39,
],
'angular:packages/common/src/directives/ng_switch.ts':[
15,
15,
155,
162,
],
'angular:packages/common/src/directives/ng_template_outlet.ts':[
43,
],
'angular:packages/common/src/location/hash_location_strategy.ts':[
37,
39,
],
'angular:packages/common/src/location/path_location_strategy.ts':[
46,
49,
],
'angular:packages/common/src/pipes/async_pipe.ts':[
78,
],
'angular:packages/common/src/pipes/date_pipe.ts':[
101,
],
'angular:packages/common/src/pipes/i18n_plural_pipe.ts':[
34,
],
'angular:packages/common/src/pipes/number_pipe.ts':[
91,
120,
153,
],
'angular:packages/common/testing/src/location_mock.ts':[
21,
],
'angular:packages/compiler-cli/src/codegen.ts':[
35,
35,
36,
37,
],
'angular:packages/compiler-cli/src/compiler_host.ts':[
30,
32,
33,
34,
35,
36,
374,
],
'angular:packages/compiler-cli/src/diagnostics/expression_diagnostics.ts':[
187,
193,
194,
],
'angular:packages/compiler-cli/src/diagnostics/expression_type.ts':[
29,
29,
30,
],
'angular:packages/compiler-cli/src/diagnostics/typescript_symbols.ts':[
85,
89,
89,
89,
90,
281,
285,
344,
376,
376,
386,
386,
433,
434,
436,
464,
495,
495,
514,
514,
],
'angular:packages/compiler-cli/src/extractor.ts':[
26,
26,
27,
28,
],
'angular:packages/compiler-cli/src/ngtools_api.ts':[
75,
],
'angular:packages/compiler-cli/test/diagnostics/mocks.ts':[
25,
26,
27,
29,
],
'angular:packages/compiler-cli/test/mocks.ts':[
17,
100,
],
'angular:packages/compiler/src/aot/compiler.ts':[
31,
31,
32,
32,
33,
33,
34,
34,
35,
35,
36,
36,
37,
],
'angular:packages/compiler/src/aot/static_reflection_capabilities.ts':[
18,
20,
],
'angular:packages/compiler/src/aot/static_reflector.ts':[
35,
36,
37,
38,
39,
42,
43,
46,
47,
727,
],
'angular:packages/compiler/src/aot/static_symbol.ts':[
30,
],
'angular:packages/compiler/src/aot/static_symbol_resolver.ts':[
62,
64,
65,
67,
68,
69,
70,
73,
73,
74,
75,
],
'angular:packages/compiler/src/aot/summary_resolver.ts':[
35,
36,
38,
40,
40,
],
'angular:packages/compiler/src/aot/summary_serializer.ts':[
97,
100,
101,
104,
105,
188,
195,
315,
],
'angular:packages/compiler/src/ast_path.ts':[
27,
],
'angular:packages/compiler/src/compiler_util/expression_converter.ts':[
159,
178,
179,
184,
184,
185,
],
'angular:packages/compiler/src/css_parser/css_lexer.ts':[
131,
],
'angular:packages/compiler/src/directive_normalizer.ts':[
38,
41,
41,
42,
42,
],
'angular:packages/compiler/src/directive_resolver.ts':[
23,
],
'angular:packages/compiler/src/expression_parser/parser.ts':[
35,
37,
243,
244,
],
'angular:packages/compiler/src/i18n/extractor.ts':[
50,
51,
51,
],
'angular:packages/compiler/src/i18n/extractor_merger.ts':[
87,
87,
],
'angular:packages/compiler/src/i18n/i18n_html_parser.ts':[
25,
28,
],
'angular:packages/compiler/src/i18n/i18n_parser.ts':[
40,
41,
],
'angular:packages/compiler/src/i18n/message_bundle.ts':[
22,
25,
25,
26,
26,
],
'angular:packages/compiler/src/i18n/serializers/serializer.ts':[
48,
],
'angular:packages/compiler/src/i18n/translation_bundle.ts':[
20,
23,
65,
65,
66,
67,
68,
68,
],
'angular:packages/compiler/src/jit/compiler.ts':[
38,
39,
40,
41,
45,
45,
46,
46,
47,
47,
48,
48,
49,
361,
361,
],
'angular:packages/compiler/src/jit/compiler_factory.ts':[
97,
],
'angular:packages/compiler/src/metadata_resolver.ts':[
40,
42,
43,
44,
45,
46,
49,
49,
50,
50,
51,
52,
53,
53,
54,
55,
56,
],
'angular:packages/compiler/src/ml_parser/lexer.ts':[
79,
80,
89,
102,
102,
103,
104,
],
'angular:packages/compiler/src/ml_parser/parser.ts':[
51,
54,
57,
57,
],
'angular:packages/compiler/src/ng_module_resolver.ts':[
22,
],
'angular:packages/compiler/src/output/abstract_emitter.ts':[
38,
39,
41,
173,
],
'angular:packages/compiler/src/output/js_emitter.ts':[
19,
50,
50,
],
'angular:packages/compiler/src/output/output_ast.ts':[
1096,
],
'angular:packages/compiler/src/output/output_jit.ts':[
49,
50,
],
'angular:packages/compiler/src/output/source_map.ts':[
33,
34,
38,
],
'angular:packages/compiler/src/output/ts_emitter.ts':[
45,
85,
85,
],
'angular:packages/compiler/src/pipe_resolver.ts':[
26,
],
'angular:packages/compiler/src/provider_analyzer.ts':[
47,
49,
50,
51,
54,
57,
58,
58,
60,
301,
302,
303,
304,
],
'angular:packages/compiler/src/selector.ts':[
141,
142,
143,
144,
145,
146,
147,
],
'angular:packages/compiler/src/shadow_css.ts':[
463,
465,
],
'angular:packages/compiler/src/style_compiler.ts':[
42,
44,
],
'angular:packages/compiler/src/summary_resolver.ts':[
29,
],
'angular:packages/compiler/src/template_parser/binding_parser.ts':[
54,
57,
57,
58,
59,
],
'angular:packages/compiler/src/template_parser/template_parser.ts':[
108,
108,
109,
109,
110,
236,
237,
238,
238,
239,
828,
829,
],
'angular:packages/compiler/src/url_resolver.ts':[
52,
],
'angular:packages/compiler/src/view_compiler/view_compiler.ts':[
40,
40,
109,
119,
122,
122,
123,
123,
124,
125,
],
'angular:packages/compiler/test/aot/static_symbol_resolver_spec.ts':[
371,
371,
393,
395,
],
'angular:packages/compiler/test/aot/summary_resolver_spec.ts':[
98,
],
'angular:packages/compiler/test/aot/test_util.ts':[
69,
70,
71,
72,
73,
75,
195,
196,
197,
199,
339,
343,
413,
415,
],
'angular:packages/compiler/test/expression_parser/unparser.ts':[
13,
],
'angular:packages/compiler/test/metadata_overrider_spec.ts':[
24,
],
'angular:packages/compiler/test/ml_parser/ast_spec_utils.ts':[
40,
],
'angular:packages/compiler/test/template_parser/template_parser_spec.ts':[
2103,
2104,
],
'angular:packages/compiler/testing/src/directive_resolver_mock.ts':[
19,
20,
21,
22,
23,
25,
],
'angular:packages/compiler/testing/src/metadata_overrider.ts':[
19,
],
'angular:packages/compiler/testing/src/ng_module_resolver_mock.ts':[
14,
16,
],
'angular:packages/compiler/testing/src/pipe_resolver_mock.ts':[
14,
16,
],
'angular:packages/compiler/testing/src/resource_loader_mock.ts':[
16,
17,
18,
],
'angular:packages/compiler/testing/src/testing.ts':[
39,
51,
53,
53,
54,
54,
55,
],
'angular:packages/core/src/application_init.ts':[
27,
],
'angular:packages/core/src/application_ref.ts':[
259,
260,
263,
424,
425,
426,
427,
429,
430,
434,
434,
434,
435,
436,
437,
],
'angular:packages/core/src/change_detection/differs/default_iterable_differ.ts':[
55,
],
'angular:packages/core/src/change_detection/differs/default_keyvalue_differ.ts':[
30,
40,
],
'angular:packages/core/src/debug/debug_node.ts':[
22,
],
'angular:packages/core/src/di/injection_token.ts':[
63,
],
'angular:packages/core/src/di/reflective_key.ts':[
61,
],
'angular:packages/core/src/linker/component_factory_resolver.ts':[
45,
48,
49,
69,
69,
],
'angular:packages/core/src/linker/query_list.ts':[
42,
],
'angular:packages/core/src/linker/system_js_ng_module_factory_loader.ts':[
49,
51,
],
'angular:packages/core/src/reflection/reflection_capabilities.ts':[
20,
],
'angular:packages/core/src/testability/testability.ts':[
46,
],
'angular:packages/core/src/view/entrypoint.ts':[
37,
38,
],
'angular:packages/core/src/view/refs.ts':[
54,
55,
104,
105,
105,
105,
132,
132,
132,
304,
304,
321,
321,
349,
467,
472,
],
'angular:packages/core/src/view/services.ts':[
447,
448,
449,
594,
614,
],
'angular:packages/core/src/view/types.ts':[
383,
],
'angular:packages/core/src/zone/ng_zone.ts':[
84,
92,
93,
94,
95,
],
'angular:packages/core/test/application_ref_spec.ts':[
140,
],
'angular:packages/core/test/change_detection/differs/default_iterable_differ_spec.ts':[
16,
22,
22,
],
'angular:packages/core/test/directive_lifecycle_integration_spec.ts':[
55,
67,
],
'angular:packages/core/test/linker/change_detection_integration_spec.ts':[
1545,
1625,
1625,
],
'angular:packages/core/test/linker/integration_spec.ts':[
1842,
1843,
1844,
2035,
2035,
2043,
2043,
],
'angular:packages/core/test/reflection/reflector_spec.ts':[
176,
236,
],
'angular:packages/core/testing/src/async_test_completer.ts':[
15,
],
'angular:packages/core/testing/src/ng_zone_mock.ts':[
17,
],
'angular:packages/core/testing/src/test_bed.ts':[
513,
],
'angular:packages/core/testing/src/testing_internal.ts':[
48,
50,
],
'angular:packages/forms/src/directives/checkbox_value_accessor.ts':[
39,
39,
],
'angular:packages/forms/src/directives/default_value_accessor.ts':[
67,
67,
68,
],
'angular:packages/forms/src/directives/ng_control_status.ts':[
16,
],
'angular:packages/forms/src/directives/number_value_accessor.ts':[
42,
42,
],
'angular:packages/forms/src/directives/radio_control_value_accessor.ts':[
25,
108,
108,
109,
109,
],
'angular:packages/forms/src/directives/range_value_accessor.ts':[
42,
42,
],
'angular:packages/forms/src/directives/reactive_directives/form_group_directive.ts':[
76,
77,
],
'angular:packages/forms/src/directives/select_control_value_accessor.ts':[
117,
117,
173,
173,
174,
],
'angular:packages/forms/src/directives/select_multiple_control_value_accessor.ts':[
97,
97,
184,
184,
185,
],
'angular:packages/forms/test/validators_spec.ts':[
30,
30,
],
'angular:packages/http/src/backends/jsonp_backend.ts':[
59,
59,
150,
150,
],
'angular:packages/http/src/backends/xhr_backend.ts':[
195,
195,
234,
234,
235,
],
'angular:packages/http/src/static_request.ts':[
69,
],
'angular:packages/http/src/url_search_params.ts':[
84,
],
'angular:packages/language-service/src/completions.ts':[
280,
284,
284,
284,
],
'angular:packages/language-service/src/language_service.ts':[
29,
],
'angular:packages/language-service/src/locate_symbol.ts':[
172,
172,
],
'angular:packages/language-service/src/reflector_host.ts':[
13,
38,
],
'angular:packages/language-service/src/typescript_host.ts':[
64,
79,
81,
81,
447,
],
'angular:packages/language-service/test/test_utils.ts':[
67,
68,
69,
72,
74,
74,
],
'angular:packages/platform-browser-dynamic/src/resource_loader/resource_loader_cache.ts':[
20,
],
'angular:packages/platform-browser-dynamic/testing/src/dom_test_component_renderer.ts':[
18,
],
'angular:packages/platform-browser/animations/src/animation_renderer.ts':[
15,
15,
15,
46,
46,
47,
],
'angular:packages/platform-browser/src/browser/generic_browser_adapter.ts':[
20,
],
'angular:packages/platform-browser/src/browser/location/browser_platform_location.ts':[
29,
],
'angular:packages/platform-browser/src/browser/meta.ts':[
39,
40,
],
'angular:packages/platform-browser/src/browser/title.ts':[
27,
],
'angular:packages/platform-browser/src/dom/dom_renderer.ts':[
63,
64,
66,
66,
105,
229,
230,
234,
253,
256,
257,
257,
],
'angular:packages/platform-browser/src/dom/events/event_manager.ts':[
24,
25,
27,
64,
],
'angular:packages/platform-browser/src/dom/events/hammer_gestures.ts':[
93,
],
'angular:packages/platform-browser/src/dom/shared_styles_host.ts':[
36,
37,
38,
],
'angular:packages/platform-browser/src/security/dom_sanitization_service.ts':[
153,
],
'angular:packages/platform-browser/src/security/html_sanitizer.ts':[
123,
],
'angular:packages/platform-browser/test/testing_public_spec.ts':[
75,
84,
],
'angular:packages/platform-browser/testing/src/browser_util.ts':[
15,
],
'angular:packages/platform-server/src/http.ts':[
120,
],
'angular:packages/platform-server/src/location.ts':[
35,
38,
],
'angular:packages/platform-server/src/platform_state.ts':[
21,
],
'angular:packages/platform-server/src/server_renderer.ts':[
17,
18,
19,
22,
22,
23,
64,
64,
64,
188,
189,
193,
],
'angular:packages/platform-server/src/styles_host.ts':[
16,
19,
20,
],
'angular:packages/platform-server/test/integration_spec.ts':[
49,
],
'angular:packages/platform-webworker/src/web_workers/shared/client_message_broker.ts':[
29,
57,
58,
],
'angular:packages/platform-webworker/src/web_workers/shared/post_message_bus.ts':[
25,
],
'angular:packages/platform-webworker/src/web_workers/shared/render_store.ts':[
14,
15,
],
'angular:packages/platform-webworker/src/web_workers/shared/serializer.ts':[
42,
],
'angular:packages/platform-webworker/src/web_workers/shared/service_message_broker.ts':[
29,
55,
56,
58,
],
'angular:packages/platform-webworker/src/web_workers/ui/event_dispatcher.ts':[
14,
14,
],
'angular:packages/platform-webworker/src/web_workers/ui/platform_location.ts':[
19,
20,
23,
25,
],
'angular:packages/platform-webworker/src/web_workers/ui/renderer.ts':[
23,
23,
24,
24,
25,
],
'angular:packages/platform-webworker/src/web_workers/worker/platform_location.ts':[
18,
19,
20,
22,
27,
],
'angular:packages/platform-webworker/src/web_workers/worker/renderer.ts':[
59,
63,
123,
125,
],
'angular:packages/platform-webworker/test/web_workers/shared/mock_event_emitter.ts':[
12,
],
'angular:packages/platform-webworker/test/web_workers/shared/web_worker_test_util.ts':[
134,
],
'angular:packages/router/src/apply_redirects.ts':[
72,
75,
76,
76,
76,
],
'angular:packages/router/src/directives/router_link.ts':[
108,
108,
176,
183,
183,
184,
],
'angular:packages/router/src/directives/router_link_active.ts':[
88,
94,
94,
94,
95,
],
'angular:packages/router/src/directives/router_outlet.ts':[
48,
48,
49,
49,
145,
145,
145,
],
'angular:packages/router/src/recognize.ts':[
31,
31,
31,
32,
],
'angular:packages/router/src/router.ts':[
221,
222,
227,
228,
266,
267,
267,
776,
777,
779,
779,
780,
1011,
1011,
1012,
],
'angular:packages/router/src/router_config_loader.ts':[
26,
26,
27,
28,
],
'angular:packages/router/src/router_module.ts':[
323,
325,
],
'angular:packages/router/src/router_preloader.ts':[
77,
81,
82,
82,
],
'angular:packages/router/src/shared.ts':[
63,
],
'angular:packages/router/src/url_tree.ts':[
377,
],
'angular:packages/router/test/integration.spec.ts':[
251,
3336,
3359,
3360,
3362,
3474,
3480,
3481,
3495,
],
'angular:packages/router/testing/src/router_testing_module.ts':[
68,
],
'angular:packages/upgrade/src/common/downgrade_component.ts':[
128,
],
'angular:packages/upgrade/src/common/downgrade_component_adapter.ts':[
23,
29,
29,
30,
30,
31,
31,
32,
32,
33,
33,
],
'angular:packages/upgrade/src/dynamic/upgrade_adapter.ts':[
102,
103,
113,
119,
119,
],
'angular:packages/upgrade/src/dynamic/upgrade_ng1_adapter.ts':[
224,
224,
225,
226,
226,
226,
227,
227,
],
'angular:packages/upgrade/src/static/upgrade_component.ts':[
84,
85,
86,
87,
88,
91,
92,
94,
95,
122,
122,
122,
],
'angular:packages/upgrade/src/static/upgrade_module.ts':[
243,
],
'angular:packages/upgrade/test/dynamic/upgrade_spec.ts':[
209,
],
'angular:packages/upgrade/test/static/integration/change_detection_spec.ts':[
98,
],
'angular:packages/upgrade/test/static/integration/upgrade_component_spec.ts':[
2519,
2527,
],
'angular:tools/@angular/tsc-wrapped/src/bundler.ts':[
75,
76,
77,
78,
82,
82,
82,
506,
508,
],
'angular:tools/@angular/tsc-wrapped/src/collector.ts':[
51,
],
'angular:tools/@angular/tsc-wrapped/src/compiler_host.ts':[
57,
58,
60,
60,
123,
124,
125,
],
'angular:tools/@angular/tsc-wrapped/src/evaluator.ts':[
106,
106,
107,
],
'angular:tools/@angular/tsc-wrapped/src/symbols.ts':[
16,
],
'angular:tools/@angular/tsc-wrapped/src/tsc.ts':[
110,
110,
],
'angular:tools/@angular/tsc-wrapped/test/bundler_spec.ts':[
171,
171,
],
'angular:tools/@angular/tsc-wrapped/test/typescript.mocks.ts':[
7,
10,
10,
125,
],
'angular:tools/tsc-watch/tsc_watch.ts':[
25,
26,
27,
28,
29,
30,
],
}
