{
'angular:modules/empty.ts':[
12,
],
'angular:modules/playground/src/web_workers/message_broker/index.ts':[
29,
],
'angular:packages/animations/browser/testing/src/mock_animation_driver.ts':[
32,
],
'angular:packages/benchpress/src/webdriver/selenium_webdriver_adapter.ts':[
52,
53,
],
'angular:packages/compiler/src/url_resolver.ts':[
109,
109,
109,
109,
110,
110,
110,
],
'angular:packages/compiler/test/aot/test_util.ts':[
323,
],
'angular:packages/core/src/di/injection_token.ts':[
63,
],
'angular:packages/core/src/di/reflective_injector.ts':[
444,
],
'angular:packages/core/src/event_emitter.ts':[
64,
],
'angular:packages/core/src/util.ts':[
15,
16,
18,
],
'angular:packages/core/src/view/refs.ts':[
190,
],
'angular:packages/core/src/view/types.ts':[
383,
],
'angular:packages/core/testing/src/before_each.ts':[
32,
],
'angular:packages/empty.ts':[
12,
],
'angular:packages/language-service/test/diagnostics_spec.ts':[
176,
285,
299,
],
'angular:packages/language-service/test/test_utils.ts':[
200,
201,
],
'angular:packages/platform-browser/src/browser/testability.ts':[
33,
],
'angular:packages/upgrade/src/common/angular1.ts':[
162,
163,
],
'angular:packages/upgrade/test/dynamic/upgrade_spec.ts':[
2211,
2211,
],
'angular:tools/@angular/tsc-wrapped/test/evaluator.spec.ts':[
136,
],
}
