{
'angular:tools/@angular/tsc-wrapped/src/collector.ts':[
20,
24,
],
}
