{
'js-project:google-closure-library/db/cursor.js':[
98,
126,
],
'js-project:google-closure-library/db/index.js':[
100,
176,
],
'js-project:google-closure-library/db/objectstore.js':[
106,
177,
210,
335,
],
'js-project:google-closure-library/db/transaction.js':[
101,
],
'js-project:google-closure-library/editor/plugins/enterhandler.js':[
546,
],
'js-project:google-closure-library/testing/fs/entry.js':[
392,
424,
],
'js-project:google-closure-library/testing/net/xhriopool.js':[
50,
],
'js-project:google-closure-library/ui/splitbehavior.js':[
143,
],
'js-project:mootools-core-1.4.5-full-nocompat.js':[
4848,
],
'js-project:yui-3.7.3/charts-legend/charts-legend.js':[
971,
],
'js-project:yui-3.7.3/dom-screen/dom-screen.js':[
509,
],
}
